2025-03-20 08:41:00 | WARN | repo=course-sys-int-osgi-seminar | action=test | passed=true
2025-05-17 07:57:00 | INFO | repo=course-sys-int-osgi-seminar | action=commit
2025-12-02 16:15:00 | INFO | repo=course-sys-int-osgi-seminar | action=pull
2025-06-28 12:49:00 | INFO | repo=course-sys-int-osgi-seminar | action=commit
2025-12-20 10:40:00 | WARN | repo=course-sys-int-osgi-seminar | action=pull
2025-05-03 11:56:00 | INFO | repo=course-sys-int-osgi-seminar | action=commit
2025-12-22 14:43:00 | WARN | repo=course-sys-int-osgi-seminar | action=commit
2025-01-10 09:05:00 | WARN | repo=course-sys-int-osgi-seminar | action=commit
2025-02-03 19:27:00 | WARN | repo=course-sys-int-osgi-seminar | action=commit
2025-02-20 16:19:00 | DEBUG | repo=course-sys-int-osgi-seminar | action=commit
2025-02-14 11:46:00 | WARN | repo=course-sys-int-osgi-seminar | action=commit
2025-07-16 08:56:00 | INFO | repo=course-sys-int-osgi-seminar | action=commit
2025-10-01 20:14:00 | WARN | repo=course-sys-int-osgi-seminar | action=commit
2025-12-16 14:01:00 | WARN | repo=course-sys-int-osgi-seminar | action=commit
2025-06-09 17:01:00 | DEBUG | repo=course-sys-int-osgi-seminar | action=commit
2025-04-18 08:10:00 | INFO | repo=course-sys-int-osgi-seminar | action=pull
2025-07-08 10:22:00 | DEBUG | repo=course-sys-int-osgi-seminar | action=pull
2025-07-02 21:31:00 | WARN | repo=course-sys-int-osgi-seminar | action=commit
2025-01-08 12:52:00 | WARN | repo=course-sys-int-osgi-seminar | action=pull
2025-01-20 13:09:00 | INFO | repo=course-sys-int-osgi-seminar | action=commit
2025-12-09 07:12:00 | DEBUG | repo=course-sys-int-osgi-seminar | action=edit | files=2
2025-12-03 07:59:00 | INFO | repo=course-sys-int-osgi-seminar | action=edit | files=5
2025-02-19 08:40:00 | INFO | repo=course-sys-int-osgi-seminar | action=commit
2025-02-21 09:17:00 | INFO | repo=course-sys-int-osgi-seminar | action=edit | files=4
2025-01-05 12:08:00 | INFO | repo=course-sys-int-osgi-seminar | action=commit
2025-06-26 18:58:00 | INFO | repo=course-sys-int-osgi-seminar | action=test | passed=true
2025-01-28 15:55:00 | INFO | repo=course-sys-int-osgi-seminar | action=commit
2025-08-20 09:45:00 | WARN | repo=course-sys-int-osgi-seminar | action=commit
2025-09-10 15:12:00 | INFO | repo=course-sys-int-osgi-seminar | action=commit
2025-08-10 07:28:00 | DEBUG | repo=course-sys-int-osgi-seminar | action=commit
2025-09-28 09:30:00 | DEBUG | repo=course-sys-int-osgi-seminar | action=commit
2025-05-27 10:21:00 | WARN | repo=course-sys-int-osgi-seminar | action=test | passed=true
2025-06-25 19:41:00 | WARN | repo=course-sys-int-osgi-seminar | action=pull
2025-06-28 18:35:00 | INFO | repo=course-sys-int-osgi-seminar | action=commit
2025-04-10 07:02:00 | WARN | repo=course-sys-int-osgi-seminar | action=commit
2025-12-07 21:36:00 | INFO | repo=course-sys-int-osgi-seminar | action=test | passed=true
2025-08-24 15:08:00 | INFO | repo=course-sys-int-osgi-seminar | action=edit | files=5
2025-05-19 09:13:00 | INFO | repo=course-sys-int-osgi-seminar | action=test | passed=true
2025-06-13 17:55:00 | INFO | repo=course-sys-int-osgi-seminar | action=pull
2025-10-07 21:16:00 | DEBUG | repo=course-sys-int-osgi-seminar | action=pull
2025-04-06 17:41:00 | DEBUG | repo=course-sys-int-osgi-seminar | action=edit | files=2
2025-09-04 08:47:00 | WARN | repo=course-sys-int-osgi-seminar | action=commit
2025-06-24 15:03:00 | DEBUG | repo=course-sys-int-osgi-seminar | action=commit
2025-03-08 07:04:00 | WARN | repo=course-sys-int-osgi-seminar | action=commit
2025-06-14 14:58:00 | DEBUG | repo=course-sys-int-osgi-seminar | action=commit
2025-10-11 09:46:00 | INFO | repo=course-sys-int-osgi-seminar | action=commit
2025-10-20 20:38:00 | DEBUG | repo=course-sys-int-osgi-seminar | action=commit
2025-07-14 13:48:00 | INFO | repo=course-sys-int-osgi-seminar | action=test | passed=true
2025-03-12 18:47:00 | WARN | repo=course-sys-int-osgi-seminar | action=commit
2025-03-23 13:29:00 | WARN | repo=course-sys-int-osgi-seminar | action=commit
2025-12-07 10:19:00 | DEBUG | repo=course-sys-int-osgi-seminar | action=commit
2025-01-16 19:34:00 | INFO | repo=course-sys-int-osgi-seminar | action=commit
2025-10-09 13:15:00 | INFO | repo=course-sys-int-osgi-seminar | action=commit
2025-01-25 08:40:00 | DEBUG | repo=course-sys-int-osgi-seminar | action=edit | files=3
2025-05-20 21:42:00 | DEBUG | repo=course-sys-int-osgi-seminar | action=commit
